// Jest Snapshot v1, https://goo.gl/fbAQLP

exports[`renders correctly when there are no items 1`] = `
<div
  className="calendar-wrapper"
>
  <div
    className="picker-box"
  >
    <div
      className="calendar-header"
    >
      <div>
        <div
          className="chevron-left"
          onClick={[Function]}
        />
      </div>
      <div
        className="col-center"
      >
        <div
          className="picker-month"
        >
          May 2019
        </div>
      </div>
      <div>
        <div
          className="chevron-right"
          onClick={[Function]}
        />
      </div>
    </div>
    <table
      className="calendar-table"
    >
      <thead>
        <tr
          className="weekdays-header"
        >
          <th
            className="weekday"
          >
            Sun
          </th>
          <th
            className="weekday"
          >
            Mon
          </th>
          <th
            className="weekday"
          >
            Tue
          </th>
          <th
            className="weekday"
          >
            Wed
          </th>
          <th
            className="weekday"
          >
            Thu
          </th>
          <th
            className="weekday"
          >
            Fri
          </th>
          <th
            className="weekday"
          >
            Sat
          </th>
        </tr>
      </thead>
      <tbody>
        <tr>
          <td>
            <div
              className=" pastDatesStyle   calendar-day "
              onClick={[Function]}
            >
              28
            </div>
          </td>
          <td>
            <div
              className=" pastDatesStyle   calendar-day "
              onClick={[Function]}
            >
              29
            </div>
          </td>
          <td>
            <div
              className=" pastDatesStyle   calendar-day "
              onClick={[Function]}
            >
              30
            </div>
          </td>
          <td>
            <div
              className=" pastDatesStyle   calendar-day "
              onClick={[Function]}
            >
              1
            </div>
          </td>
          <td>
            <div
              className=" pastDatesStyle   calendar-day "
              onClick={[Function]}
            >
              2
            </div>
          </td>
          <td>
            <div
              className=" pastDatesStyle   calendar-day "
              onClick={[Function]}
            >
              3
            </div>
          </td>
          <td>
            <div
              className=" pastDatesStyle   calendar-day "
              onClick={[Function]}
            >
              4
            </div>
          </td>
        </tr>
        <tr>
          <td>
            <div
              className=" pastDatesStyle   calendar-day "
              onClick={[Function]}
            >
              5
            </div>
          </td>
          <td>
            <div
              className=" pastDatesStyle   calendar-day "
              onClick={[Function]}
            >
              6
            </div>
          </td>
          <td>
            <div
              className=" pastDatesStyle   calendar-day "
              onClick={[Function]}
            >
              7
            </div>
          </td>
          <td>
            <div
              className=" pastDatesStyle   calendar-day "
              onClick={[Function]}
            >
              8
            </div>
          </td>
          <td>
            <div
              className=" pastDatesStyle   calendar-day "
              onClick={[Function]}
            >
              9
            </div>
          </td>
          <td>
            <div
              className=" pastDatesStyle   calendar-day "
              onClick={[Function]}
            >
              10
            </div>
          </td>
          <td>
            <div
              className=" pastDatesStyle   calendar-day "
              onClick={[Function]}
            >
              11
            </div>
          </td>
        </tr>
        <tr>
          <td>
            <div
              className=" pastDatesStyle   calendar-day "
              onClick={[Function]}
            >
              12
            </div>
          </td>
          <td>
            <div
              className=" pastDatesStyle   calendar-day "
              onClick={[Function]}
            >
              13
            </div>
          </td>
          <td>
            <div
              className=" pastDatesStyle   calendar-day "
              onClick={[Function]}
            >
              14
            </div>
          </td>
          <td>
            <div
              className=" pastDatesStyle   calendar-day "
              onClick={[Function]}
            >
              15
            </div>
          </td>
          <td>
            <div
              className=" pastDatesStyle   calendar-day "
              onClick={[Function]}
            >
              16
            </div>
          </td>
          <td>
            <div
              className=" pastDatesStyle   calendar-day "
              onClick={[Function]}
            >
              17
            </div>
          </td>
          <td>
            <div
              className=" pastDatesStyle   calendar-day "
              onClick={[Function]}
            >
              18
            </div>
          </td>
        </tr>
        <tr>
          <td>
            <div
              className=" pastDatesStyle   calendar-day "
              onClick={[Function]}
            >
              19
            </div>
          </td>
          <td>
            <div
              className=" pastDatesStyle   calendar-day "
              onClick={[Function]}
            >
              20
            </div>
          </td>
          <td>
            <div
              className="hoverDates    calendar-day selectedDay"
              onClick={[Function]}
            >
              21
            </div>
          </td>
          <td>
            <div
              className="hoverDates    calendar-day "
              onClick={[Function]}
            >
              22
            </div>
          </td>
          <td>
            <div
              className="hoverDates    calendar-day "
              onClick={[Function]}
            >
              23
            </div>
          </td>
          <td>
            <div
              className="hoverDates    calendar-day "
              onClick={[Function]}
            >
              24
            </div>
          </td>
          <td>
            <div
              className="hoverDates    calendar-day "
              onClick={[Function]}
            >
              25
            </div>
          </td>
        </tr>
        <tr>
          <td>
            <div
              className="hoverDates    calendar-day "
              onClick={[Function]}
            >
              26
            </div>
          </td>
          <td>
            <div
              className="hoverDates    calendar-day "
              onClick={[Function]}
            >
              27
            </div>
          </td>
          <td>
            <div
              className="hoverDates    calendar-day "
              onClick={[Function]}
            >
              28
            </div>
          </td>
          <td>
            <div
              className="hoverDates    calendar-day "
              onClick={[Function]}
            >
              29
            </div>
          </td>
          <td>
            <div
              className="hoverDates    calendar-day "
              onClick={[Function]}
            >
              30
            </div>
          </td>
          <td>
            <div
              className="hoverDates    calendar-day "
              onClick={[Function]}
            >
              31
            </div>
          </td>
          <td>
            <div
              className="hoverDates  futureMonthStyle  calendar-day "
              onClick={[Function]}
            >
              1
            </div>
          </td>
        </tr>
        <tr>
          <td>
            <div
              className="hoverDates  futureMonthStyle  calendar-day "
              onClick={[Function]}
            >
              2
            </div>
          </td>
          <td>
            <div
              className="hoverDates  futureMonthStyle  calendar-day "
              onClick={[Function]}
            >
              3
            </div>
          </td>
          <td>
            <div
              className="hoverDates  futureMonthStyle  calendar-day "
              onClick={[Function]}
            >
              4
            </div>
          </td>
          <td>
            <div
              className="hoverDates  futureMonthStyle  calendar-day "
              onClick={[Function]}
            >
              5
            </div>
          </td>
          <td>
            <div
              className="hoverDates  futureMonthStyle  calendar-day "
              onClick={[Function]}
            >
              6
            </div>
          </td>
          <td>
            <div
              className="hoverDates  futureMonthStyle  calendar-day "
              onClick={[Function]}
            >
              7
            </div>
          </td>
          <td>
            <div
              className="hoverDates  futureMonthStyle  calendar-day "
              onClick={[Function]}
            >
              8
            </div>
          </td>
        </tr>
      </tbody>
    </table>
  </div>
</div>
`;
